--- DIAGNOSTIC START ---
All keys on prisma object:
- constructor (Type: function)
- user (Type: object)
- session (Type: object)
- account (Type: object)
- verification (Type: object)
- announcement (Type: object)
- announcementNotification (Type: object)
- leaveNotification (Type: object)
- leave (Type: object)
- department (Type: object)
- project (Type: object)
- timerSession (Type: object)
- activityLog (Type: object)
- pauseLog (Type: object)
- timesheet (Type: object)
- importantLink (Type: object)
- termsCondition (Type: object)
- profile (Type: object)
- userExperience (Type: object)
- userEducation (Type: object)
- userSkill (Type: object)
- checkInOutNotification (Type: object)
Admin user found: true
Type of prisma.activityLog: object
Type of prisma.ActivityLog: object
Type of prisma.activity_logs: undefined
--- DIAGNOSTIC END ---
